../Core/Src/main.c:71:5:main	104	static
../Core/Src/main.c:150:6:SystemClock_Config	72	static
../Core/Src/main.c:187:13:MX_GPIO_Init	32	static
../Core/Src/main.c:211:6:accessSharedData	8	static
../Core/Src/main.c:226:6:SimulateReadWriteOperation	16	static,ignoring_inline_asm
../Core/Src/main.c:243:6:StartDefaultTask	16	static
../Core/Src/main.c:261:6:GreenLedTask	16	static
../Core/Src/main.c:286:6:RedLedTask	16	static
../Core/Src/main.c:308:6:HAL_TIM_PeriodElapsedCallback	16	static
../Core/Src/main.c:325:6:Error_Handler	4	static,ignoring_inline_asm
