../Core/Src/main.c:73:5:main	128	static
../Core/Src/main.c:156:6:SystemClock_Config	72	static
../Core/Src/main.c:193:13:MX_GPIO_Init	32	static
../Core/Src/main.c:217:6:accessSharedData	8	static
../Core/Src/main.c:233:6:SimulateReadWriteOperation	16	static,ignoring_inline_asm
../Core/Src/main.c:250:6:StartDefaultTask	16	static
../Core/Src/main.c:268:6:GreendLedTask	16	static
../Core/Src/main.c:291:6:RedLedTask	16	static
../Core/Src/main.c:314:6:OrangeLedTask	16	static
../Core/Src/main.c:334:6:HAL_TIM_PeriodElapsedCallback	16	static
../Core/Src/main.c:351:6:Error_Handler	4	static,ignoring_inline_asm
